// Jest Snapshot v1, https://goo.gl/fbAQLP

exports[`SIWESignInfo renders correctly for SIWE signature request 1`] = `
<div>
  <div
    class="mm-box confirm-info-row mm-box--margin-top-2 mm-box--margin-bottom-2 mm-box--padding-right-5 mm-box--padding-left-2 mm-box--display-flex mm-box--flex-direction-column mm-box--flex-wrap-wrap mm-box--justify-content-space-between mm-box--align-items-flex-start mm-box--color-text-default mm-box--rounded-lg"
    style="overflow-wrap: anywhere; min-height: 24px; position: relative;"
  >
    <span
      class="mm-box mm-icon mm-icon--size-sm mm-box--display-inline-block mm-box--color-icon-muted"
      style="mask-image: url('./images/icons/copy.svg'); cursor: pointer; position: absolute; right: 32px; top: 4px;"
    />
    <span
      class="mm-box mm-icon mm-icon--size-sm mm-box--display-inline-block mm-box--color-icon-muted"
      data-testid="sectionCollapseButton"
      style="mask-image: url('./images/icons/expand.svg'); cursor: pointer; position: absolute; right: 8px; top: 4px;"
    />
    <div
      class="mm-box mm-box--display-flex mm-box--flex-direction-row mm-box--justify-content-center mm-box--align-items-flex-start"
    >
      <div
        class="mm-box mm-box--display-flex mm-box--align-items-center"
      >
        <p
          class="mm-box mm-text mm-text--body-md-medium mm-box--color-inherit"
        >
          Message
        </p>
      </div>
    </div>
  </div>
</div>
`;

exports[`SIWESignInfo renders correctly for SIWE signature request with resources 1`] = `
<div>
  <div
    class="mm-box confirm-info-row mm-box--margin-top-2 mm-box--margin-bottom-2 mm-box--padding-right-5 mm-box--padding-left-2 mm-box--display-flex mm-box--flex-direction-column mm-box--flex-wrap-wrap mm-box--justify-content-space-between mm-box--align-items-flex-start mm-box--color-text-default mm-box--rounded-lg"
    style="overflow-wrap: anywhere; min-height: 24px; position: relative;"
  >
    <span
      class="mm-box mm-icon mm-icon--size-sm mm-box--display-inline-block mm-box--color-icon-muted"
      style="mask-image: url('./images/icons/copy.svg'); cursor: pointer; position: absolute; right: 32px; top: 4px;"
    />
    <span
      class="mm-box mm-icon mm-icon--size-sm mm-box--display-inline-block mm-box--color-icon-muted"
      data-testid="sectionCollapseButton"
      style="mask-image: url('./images/icons/expand.svg'); cursor: pointer; position: absolute; right: 8px; top: 4px;"
    />
    <div
      class="mm-box mm-box--display-flex mm-box--flex-direction-row mm-box--justify-content-center mm-box--align-items-flex-start"
    >
      <div
        class="mm-box mm-box--display-flex mm-box--align-items-center"
      >
        <p
          class="mm-box mm-text mm-text--body-md-medium mm-box--color-inherit"
        >
          Message
        </p>
      </div>
    </div>
  </div>
</div>
`;
